
> sales-till@0.1.0 build
> prisma migrate deploy && next build

Prisma schema loaded from prisma\schema.prisma
node.exe : Error: Prisma schema validation - (get-config wasm)
At line:1 char:1
+ & "C:\Program Files\nodejs/node.exe" "C:\Program Files\nodejs/node_mo ...
+ ~~~~~~~~~~~~~~~~~~~~~~~~~~~~~~~~~~~~~~~~~~~~~~~~~~~~~~~~~~~~~~~~~~~~~
    + CategoryInfo          : NotSpecified: (Error: Prisma s...et-config 
wasm):String) [], RemoteException
    + FullyQualifiedErrorId : NativeCommandError
 
Error code: P1012
error: Environment variable not found: DATABASE_URL.
  -->  prisma\schema.prisma:6
   | 
 5 |   provider = "postgresql"
 6 |   url      = env("DATABASE_URL")
   | 

Validation Error Count: 1
[Context: getConfig]

Prisma CLI Version : 6.19.3
